
> expensetrackr@1.0.0 build
> vite build

[36mvite v5.4.21 [32mbuilding for production...[36m[39m
transforming...
[32mΓ£ô[39m 3 modules transformed.
node.exe : 
[31mx[39m Build 
failed in 826ms
At C:\Program Files\no
dejs\npm.ps1:29 char:3
+   & $NODE_EXE 
$NPM_CLI_JS $args
+   ~~~~~~~~~~~~~~~~~~
~~~~~~~~~~~
    + CategoryInfo    
          : NotSpeci  
  fied: ([31mx[39   
 m Build failed in    
 826ms:String) []    
, RemoteException
    + FullyQualifiedE 
   rrorId : NativeCo  
  mmandError
 
[31merror during 
build:
[31m[vite]: Rollup 
failed to resolve 
import "driver.js/dist
/driver.css" from "C:/
Users/Zeesh/ExpenseTra
ckr/frontend/src/main.
jsx".
This is most likely 
unintended because it 
can break your 
application at 
runtime.
If you do want to 
externalize this 
module explicitly add 
it to
`build.rollupOptions.e
xternal`[31m
    at viteWarn (file:
///C:/Users/Zeesh/Expe
nseTrackr/frontend/nod
e_modules/vite/dist/no
de/chunks/dep-BK3b2jBa
.js:65855:17)
    at onwarn (file://
/C:/Users/Zeesh/Expens
eTrackr/frontend/node_
modules/@vitejs/plugin
-react/dist/index.js:9
0:7)
    at 
onRollupWarning (file:
///C:/Users/Zeesh/Expe
nseTrackr/frontend/nod
e_modules/vite/dist/no
de/chunks/dep-BK3b2jBa
.js:65885:5)
    at onwarn (file://
/C:/Users/Zeesh/Expens
eTrackr/frontend/node_
modules/vite/dist/node
/chunks/dep-BK3b2jBa.j
s:65550:7)
    at file:///C:/User
s/Zeesh/ExpenseTrackr/
frontend/node_modules/
rollup/dist/es/shared/
node-entry.js:21051:13
    at Object.logger 
[as onLog] (file:///C:
/Users/Zeesh/ExpenseTr
ackr/frontend/node_mod
ules/rollup/dist/es/sh
ared/node-entry.js:229
24:9)
    at ModuleLoader.ha
ndleInvalidResolvedId 
(file:///C:/Users/Zees
h/ExpenseTrackr/fronte
nd/node_modules/rollup
/dist/es/shared/node-e
ntry.js:21668:26)
    at file:///C:/User
s/Zeesh/ExpenseTrackr/
frontend/node_modules/
rollup/dist/es/shared/
node-entry.js:21626:26
[39m
